[    0.000000] Linux version 4.15.0-117-generic (buildd@lcy01-amd64-008) (gcc version 7.5.0 (Ubuntu 7.5.0-3ubuntu1~18.04)) #118-Ubuntu SMP Fri Sep 4 20:02:41 UTC 2020 (Ubuntu 4.15.0-117.118-generic 4.15.18)
[    0.000000] Command line: BOOT_IMAGE=/boot/vmlinuz-4.15.0-117-generic root=UUID=6969795d-2298-4346-a932-b89115857723 ro console=tty1 console=ttyS0
[    0.000000] KERNEL supported cpus:
[    0.000000]   Intel GenuineIntel
[    0.000000]   AMD AuthenticAMD
[    0.000000]   Centaur CentaurHauls
[    0.000000] x86/fpu: Supporting XSAVE feature 0x001: 'x87 floating point registers'
[    0.000000] x86/fpu: Supporting XSAVE feature 0x002: 'SSE registers'
[    0.000000] x86/fpu: Supporting XSAVE feature 0x004: 'AVX registers'
[    0.000000] x86/fpu: xstate_offset[2]:  576, xstate_sizes[2]:  256
[    0.000000] x86/fpu: Enabled xstate features 0x7, context size is 832 bytes, using 'standard' format.
[    0.000000] e820: BIOS-provided physical RAM map:
[    0.000000] BIOS-e820: [mem 0x0000000000000000-0x000000000009fbff] usable
[    0.000000] BIOS-e820: [mem 0x000000000009fc00-0x000000000009ffff] reserved
[    0.000000] BIOS-e820: [mem 0x00000000000f0000-0x00000000000fffff] reserved
[    0.000000] BIOS-e820: [mem 0x0000000000100000-0x000000003ffeffff] usable
[    0.000000] BIOS-e820: [mem 0x000000003fff0000-0x000000003fffffff] ACPI data
[    0.000000] BIOS-e820: [mem 0x00000000fec00000-0x00000000fec00fff] reserved
[    0.000000] BIOS-e820: [mem 0x00000000fee00000-0x00000000fee00fff] reserved
[    0.000000] BIOS-e820: [mem 0x00000000fffc0000-0x00000000ffffffff] reserved
[    0.000000] NX (Execute Disable) protection: active
[    0.000000] SMBIOS 2.5 present.
[    0.000000] DMI: innotek GmbH VirtualBox/VirtualBox, BIOS VirtualBox 12/01/2006
[    0.000000] Hypervisor detected: KVM
[    0.000000] e820: last_pfn = 0x3fff0 max_arch_pfn = 0x400000000
[    0.000000] MTRR: Disabled
[    0.000000] x86/PAT: MTRRs disabled, skipping PAT initialization too.
[    0.000000] CPU MTRRs all blank - virtualized system.
[    0.000000] x86/PAT: Configuration [0-7]: WB  WT  UC- UC  WB  WT  UC- UC  
[    0.000000] found SMP MP-table at [mem 0x0009fff0-0x0009ffff]
[    0.000000] Scanning 1 areas for low memory corruption
[    0.000000] RAMDISK: [mem 0x3595b000-0x36ca4fff]
[    0.000000] ACPI: Early table checksum verification disabled
[    0.000000] ACPI: RSDP 0x00000000000E0000 000024 (v02 VBOX  )
[    0.000000] ACPI: XSDT 0x000000003FFF0030 00003C (v01 VBOX   VBOXXSDT 00000001 ASL  00000061)
[    0.000000] ACPI: FACP 0x000000003FFF00F0 0000F4 (v04 VBOX   VBOXFACP 00000001 ASL  00000061)
[    0.000000] ACPI: DSDT 0x000000003FFF0470 0022EA (v02 VBOX   VBOXBIOS 00000002 INTL 20100528)
[    0.000000] ACPI: FACS 0x000000003FFF0200 000040
[    0.000000] ACPI: FACS 0x000000003FFF0200 000040
[    0.000000] ACPI: APIC 0x000000003FFF0240 00005C (v02 VBOX   VBOXAPIC 00000001 ASL  00000061)
[    0.000000] ACPI: SSDT 0x000000003FFF02A0 0001CC (v01 VBOX   VBOXCPUT 00000002 INTL 20100528)
[    0.000000] No NUMA configuration found
[    0.000000] Faking a node at [mem 0x0000000000000000-0x000000003ffeffff]
[    0.000000] NODE_DATA(0) allocated [mem 0x3ffc5000-0x3ffeffff]
[    0.000000] kvm-clock: cpu 0, msr 0:3ff44001, primary cpu clock
[    0.000000] kvm-clock: Using msrs 4b564d01 and 4b564d00
[    0.000000] kvm-clock: using sched offset of 3724264336 cycles
[    0.000000] clocksource: kvm-clock: mask: 0xffffffffffffffff max_cycles: 0x1cd42e4dffb, max_idle_ns: 881590591483 ns
[    0.000000] Zone ranges:
[    0.000000]   DMA      [mem 0x0000000000001000-0x0000000000ffffff]
[    0.000000]   DMA32    [mem 0x0000000001000000-0x000000003ffeffff]
[    0.000000]   Normal   empty
[    0.000000]   Device   empty
[    0.000000] Movable zone start for each node
[    0.000000] Early memory node ranges
[    0.000000]   node   0: [mem 0x0000000000001000-0x000000000009efff]
[    0.000000]   node   0: [mem 0x0000000000100000-0x000000003ffeffff]
[    0.000000] Reserved but unavailable: 98 pages
[    0.000000] Initmem setup node 0 [mem 0x0000000000001000-0x000000003ffeffff]
[    0.000000] ACPI: PM-Timer IO Port: 0x4008
[    0.000000] IOAPIC[0]: apic_id 2, version 32, address 0xfec00000, GSI 0-23
[    0.000000] ACPI: INT_SRC_OVR (bus 0 bus_irq 0 global_irq 2 dfl dfl)
[    0.000000] ACPI: INT_SRC_OVR (bus 0 bus_irq 9 global_irq 9 low level)
[    0.000000] Using ACPI (MADT) for SMP configuration information
[    0.000000] smpboot: Allowing 2 CPUs, 0 hotplug CPUs
[    0.000000] PM: Registered nosave memory: [mem 0x00000000-0x00000fff]
[    0.000000] PM: Registered nosave memory: [mem 0x0009f000-0x0009ffff]
[    0.000000] PM: Registered nosave memory: [mem 0x000a0000-0x000effff]
[    0.000000] PM: Registered nosave memory: [mem 0x000f0000-0x000fffff]
[    0.000000] e820: [mem 0x40000000-0xfebfffff] available for PCI devices
[    0.000000] Booting paravirtualized kernel on KVM
[    0.000000] clocksource: refined-jiffies: mask: 0xffffffff max_cycles: 0xffffffff, max_idle_ns: 7645519600211568 ns
[    0.000000] random: get_random_bytes called from start_kernel+0x99/0x500 with crng_init=0
[    0.000000] setup_percpu: NR_CPUS:8192 nr_cpumask_bits:2 nr_cpu_ids:2 nr_node_ids:1
[    0.000000] percpu: Embedded 45 pages/cpu s147456 r8192 d28672 u1048576
[    0.000000] PV qspinlock hash table entries: 256 (order: 0, 4096 bytes)
[    0.000000] Built 1 zonelists, mobility grouping on.  Total pages: 257913
[    0.000000] Policy zone: DMA32
[    0.000000] Kernel command line: BOOT_IMAGE=/boot/vmlinuz-4.15.0-117-generic root=UUID=6969795d-2298-4346-a932-b89115857723 ro console=tty1 console=ttyS0
[    0.000000] Memory: 982496K/1048120K available (12300K kernel code, 2481K rwdata, 4272K rodata, 2436K init, 2724K bss, 65624K reserved, 0K cma-reserved)
[    0.000000] SLUB: HWalign=64, Order=0-3, MinObjects=0, CPUs=2, Nodes=1
[    0.000000] Kernel/User page tables isolation: enabled
[    0.000000] ftrace: allocating 39392 entries in 154 pages
[    0.004000] Hierarchical RCU implementation.
[    0.004000] 	RCU restricting CPUs from NR_CPUS=8192 to nr_cpu_ids=2.
[    0.004000] 	Tasks RCU enabled.
[    0.004000] RCU: Adjusting geometry for rcu_fanout_leaf=16, nr_cpu_ids=2
[    0.004000] NR_IRQS: 524544, nr_irqs: 440, preallocated irqs: 16
[    0.004000] Console: colour VGA+ 80x25
[    0.004000] console [tty1] enabled
[    0.004000] console [ttyS0] enabled
[    0.004000] ACPI: Core revision 20170831
[    0.004000] ACPI: 2 ACPI AML tables successfully acquired and loaded
[    0.004000] APIC: Switch to symmetric I/O mode setup
[    0.004000] x2apic enabled
[    0.004000] Switched APIC routing to physical x2apic.
[    0.004000] ..TIMER: vector=0x30 apic1=0 pin1=2 apic2=-1 pin2=-1
[    0.004004] tsc: Detected 1392.000 MHz processor
[    0.004830] Calibrating delay loop (skipped) preset value.. 2784.00 BogoMIPS (lpj=5568000)
[    0.005473] pid_max: default: 32768 minimum: 301
[    0.006325] Security Framework initialized
[    0.008002] Yama: becoming mindful.
[    0.008666] AppArmor: AppArmor initialized
[    0.009561] Dentry cache hash table entries: 131072 (order: 8, 1048576 bytes)
[    0.010876] Inode-cache hash table entries: 65536 (order: 7, 524288 bytes)
[    0.012009] Mount-cache hash table entries: 2048 (order: 2, 16384 bytes)
[    0.013173] Mountpoint-cache hash table entries: 2048 (order: 2, 16384 bytes)
[    0.014641] Last level iTLB entries: 4KB 64, 2MB 8, 4MB 8
[    0.016001] Last level dTLB entries: 4KB 64, 2MB 0, 4MB 0, 1GB 4
[    0.017051] Spectre V1 : Mitigation: usercopy/swapgs barriers and __user pointer sanitization
[    0.018550] Spectre V2 : Mitigation: Full generic retpoline
[    0.019498] Spectre V2 : Spectre v2 / SpectreRSB mitigation: Filling RSB on context switch
[    0.020001] Speculative Store Bypass: Vulnerable
[    0.020965] SRBDS: Unknown: Dependent on hypervisor status
[    0.022118] MDS: Mitigation: Clear CPU buffers
[    0.023063] Freeing SMP alternatives memory: 36K
[    0.134577] smpboot: CPU0: Intel(R) Core(TM) i5-8257U CPU @ 1.40GHz (family: 0x6, model: 0x8e, stepping: 0xa)
[    0.136000] Performance Events: unsupported p6 CPU model 142 no PMU driver, software events only.
[    0.136027] Hierarchical SRCU implementation.
[    0.137483] NMI watchdog: Perf event create on CPU 0 failed with -2
[    0.138591] NMI watchdog: Perf NMI watchdog permanently disabled
[    0.140002] smp: Bringing up secondary CPUs ...
[    0.140879] x86: Booting SMP configuration:
[    0.141640] .... node  #0, CPUs:      #1
[    0.004000] kvm-clock: cpu 1, msr 0:3ff44041, secondary cpu clock
[    0.144014] smp: Brought up 1 node, 2 CPUs
[    0.145281] smpboot: Max logical packages: 1
[    0.146052] smpboot: Total of 2 processors activated (5568.00 BogoMIPS)
[    0.148110] devtmpfs: initialized
[    0.149073] x86/mm: Memory block size: 128MB
[    0.149964] evm: security.selinux
[    0.150585] evm: security.SMACK64
[    0.152002] evm: security.SMACK64EXEC
[    0.152675] evm: security.SMACK64TRANSMUTE
[    0.153417] evm: security.SMACK64MMAP
[    0.154086] evm: security.apparmor
[    0.154714] evm: security.ima
[    0.155274] evm: security.capability
[    0.156069] clocksource: jiffies: mask: 0xffffffff max_cycles: 0xffffffff, max_idle_ns: 7645041785100000 ns
[    0.157705] futex hash table entries: 512 (order: 3, 32768 bytes)
[    0.160000] pinctrl core: initialized pinctrl subsystem
[    0.160099] RTC time: 12:48:03, date: 09/10/20
[    0.161014] NET: Registered protocol family 16
[    0.164063] audit: initializing netlink subsys (disabled)
[    0.165043] audit: type=2000 audit(1599742088.631:1): state=initialized audit_enabled=0 res=1
[    0.165043] cpuidle: using governor ladder
[    0.165043] cpuidle: using governor menu
[    0.168045] ACPI: bus type PCI registered
[    0.168782] acpiphp: ACPI Hot Plug PCI Controller Driver version: 0.5
[    0.170003] PCI: Using configuration type 1 for base access
[    0.172025] HugeTLB registered 2.00 MiB page size, pre-allocated 0 pages
[    0.173220] ACPI: Added _OSI(Module Device)
[    0.173220] ACPI: Added _OSI(Processor Device)
[    0.173660] ACPI: Added _OSI(3.0 _SCP Extensions)
[    0.176001] ACPI: Added _OSI(Processor Aggregator Device)
[    0.176001] ACPI: Added _OSI(Linux-Dell-Video)
[    0.176003] ACPI: Added _OSI(Linux-Lenovo-NV-HDMI-Audio)
[    0.177054] ACPI: Added _OSI(Linux-HPI-Hybrid-Graphics)
[    0.180003] ACPI: Executed 1 blocks of module-level executable AML code
[    0.182082] ACPI: Interpreter enabled
[    0.182770] ACPI: (supports S0 S5)
[    0.184002] ACPI: Using IOAPIC for interrupt routing
[    0.185053] PCI: Using host bridge windows from ACPI; if necessary, use "pci=nocrs" and report a bug
[    0.186873] ACPI: Enabled 2 GPEs in block 00 to 07
[    0.193866] ACPI: PCI Root Bridge [PCI0] (domain 0000 [bus 00-ff])
[    0.195844] acpi PNP0A03:00: _OSC: OS supports [ASPM ClockPM Segments MSI]
[    0.196355] acpi PNP0A03:00: _OSC: not requesting OS control; OS requires [ExtendedConfig ASPM ClockPM MSI]
[    0.198084] acpi PNP0A03:00: fail to add MMCONFIG information, can't access extended PCI configuration space under this bridge.
[    0.200358] PCI host bridge to bus 0000:00
[    0.201108] pci_bus 0000:00: root bus resource [io  0x0000-0x0cf7 window]
[    0.202297] pci_bus 0000:00: root bus resource [io  0x0d00-0xffff window]
[    0.204002] pci_bus 0000:00: root bus resource [mem 0x000a0000-0x000bffff window]
[    0.205330] pci_bus 0000:00: root bus resource [mem 0x40000000-0xfdffffff window]
[    0.206823] pci_bus 0000:00: root bus resource [bus 00-ff]
[    0.210448] pci 0000:00:01.1: legacy IDE quirk: reg 0x10: [io  0x01f0-0x01f7]
[    0.211677] pci 0000:00:01.1: legacy IDE quirk: reg 0x14: [io  0x03f6]
[    0.212002] pci 0000:00:01.1: legacy IDE quirk: reg 0x18: [io  0x0170-0x0177]
[    0.214312] pci 0000:00:01.1: legacy IDE quirk: reg 0x1c: [io  0x0376]
[    0.230170] pci 0000:00:07.0: quirk: [io  0x4000-0x403f] claimed by PIIX4 ACPI
[    0.232017] pci 0000:00:07.0: quirk: [io  0x4100-0x410f] claimed by PIIX4 SMB
[    0.242981] ACPI: PCI Interrupt Link [LNKA] (IRQs 5 9 10 *11)
[    0.244254] ACPI: PCI Interrupt Link [LNKB] (IRQs 5 9 *10 11)
[    0.245388] ACPI: PCI Interrupt Link [LNKC] (IRQs 5 *9 10 11)
[    0.246523] ACPI: PCI Interrupt Link [LNKD] (IRQs 5 9 10 *11)
[    0.248251] SCSI subsystem initialized
[    0.248937] pci 0000:00:02.0: vgaarb: setting as boot VGA device
[    0.252021] pci 0000:00:02.0: vgaarb: VGA device added: decodes=io+mem,owns=io+mem,locks=none
[    0.252021] pci 0000:00:02.0: vgaarb: bridge control possible
[    0.253011] vgaarb: loaded
[    0.253549] ACPI: bus type USB registered
[    0.254306] usbcore: registered new interface driver usbfs
[    0.256007] usbcore: registered new interface driver hub
[    0.256955] usbcore: registered new device driver usb
[    0.258016] EDAC MC: Ver: 3.0.0
[    0.260033] PCI: Using ACPI for IRQ routing
[    0.260781] NetLabel: Initializing
[    0.260929] NetLabel:  domain hash size = 128
[    0.261706] NetLabel:  protocols = UNLABELED CIPSOv4 CALIPSO
[    0.262704] NetLabel:  unlabeled traffic allowed by default
[    0.264118] clocksource: Switched to clocksource kvm-clock
[    0.276187] VFS: Disk quotas dquot_6.6.0
[    0.277308] VFS: Dquot-cache hash table entries: 512 (order 0, 4096 bytes)
[    0.278814] AppArmor: AppArmor Filesystem Enabled
[    0.279659] pnp: PnP ACPI init
[    0.281500] pnp: PnP ACPI: found 3 devices
[    0.287501] clocksource: acpi_pm: mask: 0xffffff max_cycles: 0xffffff, max_idle_ns: 2085701024 ns
[    0.289378] NET: Registered protocol family 2
[    0.290281] TCP established hash table entries: 8192 (order: 4, 65536 bytes)
[    0.291592] TCP bind hash table entries: 8192 (order: 5, 131072 bytes)
[    0.294153] TCP: Hash tables configured (established 8192 bind 8192)
[    0.295269] UDP hash table entries: 512 (order: 2, 16384 bytes)
[    0.296310] UDP-Lite hash table entries: 512 (order: 2, 16384 bytes)
[    0.297989] NET: Registered protocol family 1
[    0.298850] pci 0000:00:00.0: Limiting direct PCI/PCI transfers
[    0.299914] pci 0000:00:01.0: Activating ISA DMA hang workarounds
[    0.301121] pci 0000:00:02.0: Video device with shadowed ROM at [mem 0x000c0000-0x000dffff]
[    0.302705] Unpacking initramfs...
[    0.552443] Freeing initrd memory: 19752K
[    0.554083] clocksource: tsc: mask: 0xffffffffffffffff max_cycles: 0x14109b0720d, max_idle_ns: 440795259878 ns
[    0.555904] platform rtc_cmos: registered platform RTC device (no PNP device found)
[    0.557347] Scanning for low memory corruption every 60 seconds
[    0.559428] Initialise system trusted keyrings
[    0.560491] Key type blacklist registered
[    0.561317] workingset: timestamp_bits=36 max_order=18 bucket_order=0
[    0.563577] zbud: loaded
[    0.564587] squashfs: version 4.0 (2009/01/31) Phillip Lougher
[    0.565784] fuse init (API version 7.26)
[    0.569574] Key type asymmetric registered
[    0.570385] Asymmetric key parser 'x509' registered
[    0.571306] Block layer SCSI generic (bsg) driver version 0.4 loaded (major 246)
[    0.572721] io scheduler noop registered
[    0.573603] io scheduler deadline registered
[    0.574594] io scheduler cfq registered (default)
[    0.575989] ACPI: AC Adapter [AC] (off-line)
[    0.576868] input: Power Button as /devices/LNXSYSTM:00/LNXPWRBN:00/input/input0
[    0.578411] ACPI: Power Button [PWRF]
[    0.579250] input: Sleep Button as /devices/LNXSYSTM:00/LNXSLPBN:00/input/input1
[    0.580838] ACPI: Sleep Button [SLPF]
[    0.581850] Serial: 8250/16550 driver, 32 ports, IRQ sharing enabled
[    0.583073] ACPI: Battery Slot [BAT0] (battery present)
[    0.604708] 00:02: ttyS0 at I/O 0x3f8 (irq = 4, base_baud = 115200) is a 16550A
[    0.607637] Linux agpgart interface v0.103
[    0.610917] loop: module loaded
[    0.612175] scsi host0: ata_piix
[    0.613033] scsi host1: ata_piix
[    0.613696] ata1: PATA max UDMA/33 cmd 0x1f0 ctl 0x3f6 bmdma 0xd000 irq 14
[    0.614955] ata2: PATA max UDMA/33 cmd 0x170 ctl 0x376 bmdma 0xd008 irq 15
[    0.616961] libphy: Fixed MDIO Bus: probed
[    0.617886] tun: Universal TUN/TAP device driver, 1.6
[    0.618984] PPP generic driver version 2.4.2
[    0.619795] ehci_hcd: USB 2.0 'Enhanced' Host Controller (EHCI) Driver
[    0.620999] ehci-pci: EHCI PCI platform driver
[    0.621807] ehci-platform: EHCI generic platform driver
[    0.622733] ohci_hcd: USB 1.1 'Open' Host Controller (OHCI) Driver
[    0.623805] ohci-pci: OHCI PCI platform driver
[    0.624771] ohci-platform: OHCI generic platform driver
[    0.625699] uhci_hcd: USB Universal Host Controller Interface driver
[    0.626845] i8042: PNP: PS/2 Controller [PNP0303:PS2K,PNP0f03:PS2M] at 0x60,0x64 irq 1,12
[    0.628827] serio: i8042 KBD port at 0x60,0x64 irq 1
[    0.630192] serio: i8042 AUX port at 0x60,0x64 irq 12
[    0.631709] mousedev: PS/2 mouse device common for all mice
[    0.633014] input: AT Translated Set 2 keyboard as /devices/platform/i8042/serio0/input/input2
[    0.634848] rtc_cmos rtc_cmos: rtc core: registered rtc_cmos as rtc0
[    0.635988] rtc_cmos rtc_cmos: alarms up to one day, 114 bytes nvram
[    0.637116] i2c /dev entries driver
[    0.637841] device-mapper: uevent: version 1.0.3
[    0.638845] device-mapper: ioctl: 4.37.0-ioctl (2017-09-20) initialised: dm-devel@redhat.com
[    0.641464] ledtrig-cpu: registered to indicate activity on CPUs
[    0.642902] NET: Registered protocol family 10
[    0.646785] Segment Routing with IPv6
[    0.647481] NET: Registered protocol family 17
[    0.648362] Key type dns_resolver registered
[    0.649267] mce: Using 0 MCE banks
[    0.649910] RAS: Correctable Errors collector initialized.
[    0.650884] sched_clock: Marking stable (649210606, 0)->(787612257, -138401651)
[    0.652581] registered taskstats version 1
[    0.653336] Loading compiled-in X.509 certificates
[    0.656177] Loaded X.509 cert 'Build time autogenerated kernel key: 993aedfcb7091aab7364eeb95e85a8dab512d887'
[    0.657922] zswap: loaded using pool lzo/zbud
[    0.662703] Key type big_key registered
[    0.663599] Key type trusted registered
[    0.665774] Key type encrypted registered
[    0.667206] AppArmor: AppArmor sha1 policy hashing enabled
[    0.668496] ima: No TPM chip found, activating TPM-bypass! (rc=-19)
[    0.669592] ima: Allocated hash algorithm: sha1
[    0.670418] evm: HMAC attrs: 0x1
[    0.671316]   Magic number: 4:828:834
[    0.672111] rtc_cmos rtc_cmos: setting system clock to 2020-09-10 12:48:03 UTC (1599742083)
[    0.673681] BIOS EDD facility v0.16 2004-Jun-25, 0 devices found
[    0.674749] EDD information not available.
[    0.779014] Freeing unused kernel image memory: 2436K
[    0.792726] Write protecting the kernel read-only data: 20480k
[    0.797455] Freeing unused kernel image memory: 2008K
[    0.800015] Freeing unused kernel image memory: 1872K
[    0.809622] x86/mm: Checked W+X mappings: passed, no W+X pages found.
[    0.812014] x86/mm: Checking user space page tables
[    0.820005] x86/mm: Checked W+X mappings: passed, no W+X pages found.
Loading, please wait...
starting version 237
[    0.875120] Fusion MPT base driver 3.04.20
[    0.876510] Copyright (c) 1999-2008 LSI Corporation
[    0.880674] Fusion MPT SPI Host driver 3.04.20
[    0.882610] e1000: Intel(R) PRO/1000 Network Driver - version 7.3.21-k8-NAPI
[    0.883902] e1000: Copyright (c) 1999-2006 Intel Corporation.
[    0.887518] mptbase: ioc0: Initiating bringup
[    0.909189] AVX2 version of gcm_enc/dec engaged.
[    0.910626] AES CTR mode by8 optimization enabled
[    0.988434] ioc0: LSI53C1030 A0: Capabilities={Initiator}
[    1.103022] input: ImExPS/2 Generic Explorer Mouse as /devices/platform/i8042/serio1/input/input4
[    2.134313] scsi host2: ioc0: LSI53C1030 A0, FwRev=00000000h, Ports=1, MaxQ=256, IRQ=20
[    3.124363] scsi 2:0:0:0: Direct-Access     VBOX     HARDDISK         1.0  PQ: 0 ANSI: 5
[    3.174659] scsi target2:0:0: Beginning Domain Validation
[    3.180159] scsi target2:0:0: Domain Validation skipping write tests
[    3.182580] scsi target2:0:0: Ending Domain Validation
[    3.184352] scsi target2:0:0: asynchronous
[    3.186455] scsi 2:0:1:0: Direct-Access     VBOX     HARDDISK         1.0  PQ: 0 ANSI: 5
[    3.500513] scsi target2:0:1: Beginning Domain Validation
[    3.503529] random: fast init done
[    3.504622] scsi target2:0:1: Domain Validation skipping write tests
[    3.506215] scsi target2:0:1: Ending Domain Validation
[    3.507560] scsi target2:0:1: asynchronous
[    3.512854] random: systemd-udevd: uninitialized urandom read (16 bytes read)
[    3.513030] sd 2:0:0:0: [sda] 20971520 512-byte logical blocks: (10.7 GB/10.0 GiB)
[    3.514437] random: systemd-udevd: uninitialized urandom read (16 bytes read)
[    3.516036] sd 2:0:0:0: Attached scsi generic sg0 type 0
[    3.517591] random: systemd-udevd: uninitialized urandom read (16 bytes read)
[    3.520395] sd 2:0:0:0: [sda] Write Protect is off
[    3.521490] sd 2:0:0:0: [sda] Incomplete mode parameter data
[    3.522619] sd 2:0:0:0: [sda] Assuming drive cache: write through
[    3.524430] sd 2:0:1:0: [sdb] 20480 512-byte logical blocks: (10.5 MB/10.0 MiB)
[    3.525918] sd 2:0:1:0: [sdb] Write Protect is off
[    3.527459] sd 2:0:1:0: [sdb] Incomplete mode parameter data
[    3.528695] sd 2:0:1:0: [sdb] Assuming drive cache: write through
[    3.529819]  sda: sda1
[    3.531785] sd 2:0:0:0: [sda] Attached SCSI disk
[    3.531808] e1000 0000:00:03.0 eth0: (PCI:33MHz:32-bit) 02:22:e7:1f:39:14
[    3.532853] sd 2:0:1:0: Attached scsi generic sg1 type 0
[    3.534029] e1000 0000:00:03.0 eth0: Intel(R) PRO/1000 Network Connection
[    3.538103] sd 2:0:1:0: [sdb] Attached SCSI disk
[    3.933590] e1000 0000:00:08.0 eth1: (PCI:33MHz:32-bit) 08:00:27:4a:8e:1b
[    3.935552] e1000 0000:00:08.0 eth1: Intel(R) PRO/1000 Network Connection
[    3.938110] e1000 0000:00:03.0 enp0s3: renamed from eth0
[    3.981630] e1000 0000:00:08.0 enp0s8: renamed from eth1
Begin: Loading essential drivers ... [    5.352247] raid6: sse2x1   gen() 13278 MB/s
[    5.400198] raid6: sse2x1   xor()  9595 MB/s
[    5.448160] raid6: sse2x2   gen() 16335 MB/s
[    5.496020] raid6: sse2x2   xor() 10792 MB/s
[    5.544179] raid6: sse2x4   gen() 18420 MB/s
[    5.592292] raid6: sse2x4   xor() 11558 MB/s
[    5.640193] raid6: avx2x1   gen() 25839 MB/s
[    5.688211] raid6: avx2x1   xor() 18481 MB/s
[    5.736560] raid6: avx2x2   gen() 31228 MB/s
[    5.784237] raid6: avx2x2   xor() 19801 MB/s
[    5.832520] raid6: avx2x4   gen() 36580 MB/s
[    5.880168] raid6: avx2x4   xor() 22258 MB/s
[    5.881739] raid6: using algorithm avx2x4 gen() 36580 MB/s
[    5.882764] raid6: .... xor() 22258 MB/s, rmw enabled
[    5.883695] raid6: using avx2x2 recovery algorithm
[    5.885720] xor: automatically using best checksumming function   avx       
[    5.888180] async_tx: api initialized (async)
done.
Begin: Running /scripts/init-premount ... done.
Begin: Mounting root file system ... Begin: Running /scripts/local-top ... done.
Begin: Running /scripts/local-premount ... [    5.927671] Btrfs loaded, crc32c=crc32c-intel
Scanning for Btrfs filesystems
done.
Warning: fsck not present, so skipping root file system
[    5.952319] EXT4-fs (sda1): mounted filesystem with ordered data mode. Opts: (null)
done.
Begin: Running /scripts/local-bottom ... done.
Begin: Running /scripts/init-bottom ... done.
[    6.118408] ip_tables: (C) 2000-2006 Netfilter Core Team
[    6.127484] systemd[1]: systemd 237 running in system mode. (+PAM +AUDIT +SELINUX +IMA +APPARMOR +SMACK +SYSVINIT +UTMP +LIBCRYPTSETUP +GCRYPT +GNUTLS +ACL +XZ +LZ4 +SECCOMP +BLKID +ELFUTILS +KMOD -IDN2 +IDN -PCRE2 default-hierarchy=hybrid)
[    6.131283] systemd[1]: Detected virtualization oracle.
[    6.132242] systemd[1]: Detected architecture x86-64.

Welcome to [1mUbuntu 18.04.3 LTS[0m!

[    6.137202] systemd[1]: Set hostname to <ubuntu-bionic>.
[    6.425834] systemd[1]: Reached target System Time Synchronized.
[[0;32m  OK  [0m] Reached target System Time Synchronized.
[    6.427944] systemd[1]: Set up automount Arbitrary Executable File Formats File System Automount Point.
[[0;32m  OK  [0m] Set up automount Arbitrary Executabâ€¦rmats File System Automount Point.
[    6.430829] systemd[1]: Reached target User and Group Name Lookups.
[[0;32m  OK  [0m] Reached target User and Group Name Lookups.
[    6.432825] systemd[1]: Started Forward Password Requests to Wall Directory Watch.
[[0;32m  OK  [0m] Started Forward Password Requests to Wall Directory Watch.
[    6.436559] systemd[1]: Created slice System Slice.
[[0;32m  OK  [0m] Created slice System Slice.
[    6.438122] systemd[1]: Listening on LVM2 poll daemon socket.
[[0;32m  OK  [0m] Listening on LVM2 poll daemon socket.
[[0;32m  OK  [0m] Listening on LVM2 metadata daemon socket.
[[0;32m  OK  [0m] Listening on udev Kernel Socket.
[[0;32m  OK  [0m] Listening on Journal Audit Socket.
[[0;32m  OK  [0m] Listening on Network Service Netlink Socket.
[[0;32m  OK  [0m] Created slice system-serial\x2dgetty.slice.
[[0;32m  OK  [0m] Listening on /dev/initctl Compatibility Named Pipe.
[[0;32m  OK  [0m] Listening on Device-mapper event daemon FIFOs.
[[0;32m  OK  [0m] Listening on Journal Socket.
         Starting Set the console keyboard layout...
         Mounting Kernel Debug File System...
         Starting Remount Root and Kernel File Systems...
         Starting Uncomplicated firewall...
         Starting Monitoring of LVM2 mirrorsâ€¦ng dmeventd or progress polling...
[[0;32m  OK  [0m] Listening on Syslog Socket.
         Starting Load Kernel Modules...
[[0;32m  OK  [0m] Listening on Journal Socket (/dev/log).
         Starting Journal Service...
         Mounting POSIX Message Queue File System...
[    6.520587] EXT4-fs (sda1): re-mounted. Opts: (null)
[[0;32m  OK  [0m] Created slice User and Session Slice.
[[0;32m  OK  [0m] Reached target Slices.
[[0;32m  OK  [0m] Reached target Swap.
         Mounting Huge Pages File System...
[[0;32m  OK  [0m] Listening on udev Control Socket.
         Starting udev Coldplug all Devices...
[    6.554992] Loading iSCSI transport class v2.0-870.
         Starting Create list of required stâ€¦ce nodes for the current kernel...
[[0;32m  OK  [0m] Mounted Kernel Debug File System.
[    6.564637] iscsi: registered transport (tcp)
[[0;32m  OK  [0m] Started Remount Root and Kernel File Systems.
[[0;32m  OK  [0m] Started Uncomplicated firewall.
[[0;32m  OK  [0m] Mounted POSIX Message Queue File System.
[[0;32m  OK  [0m] Started Journal Service.
[[0;32m  OK  [0m] Mounted Huge Pages File System.
[[0;32m  OK  [0m] Started Create list of required staâ€¦vice nodes for the current kernel.
[[0;32m  OK  [0m] Started LVM2 metadata daemon.
         Starting Create Static Device Nodes in /dev...
         Starting Flush Journal to Persistent Storage...
         Starting Load/Save Random Seed...
[[0;32m  OK  [0m] Started Create Static Device Nodes in /dev.
         Starting udev Kernel Device Manager...
[[0;32m  OK  [0m] Started Set the console keyboard layout.
[[0;32m  OK  [0m] Started udev Coldplug all Devices.
[    6.658349] iscsi: registered transport (iser)
[[0;32m  OK  [0m] Started Load Kernel Modules.
         Mounting Kernel Configuration File System...
         Mounting FUSE Control File System...
         Starting Apply Kernel Variables...
[[0;32m  OK  [0m] Mounted Kernel Configuration File System.
[[0;32m  OK  [0m] Mounted FUSE Control File System.
[    6.670871] systemd-journald[409]: Received request to flush runtime journal from PID 1
[[0;32m  OK  [0m] Started Load/Save Random Seed.
[[0;32m  OK  [0m] Started udev Kernel Device Manager.
[[0;32m  OK  [0m] Started Dispatch Password Requests to Console Directory Watch.
[[0;32m  OK  [0m] Reached target Local Encrypted Volumes.
[[0;32m  OK  [0m] Started Monitoring of LVM2 mirrors,â€¦sing dmeventd or progress polling.
[[0;32m  OK  [0m] Reached target Local File Systems (Pre).
[[0;32m  OK  [0m] Reached target Local File Systems.
         Starting Set console font and keymap...
         Starting Tell Plymouth To Write Out Runtime Data...
         Starting AppArmor initialization...
         Starting ebtables ruleset management...
[[0;32m  OK  [0m] Started Set console font and keymap.
[[0;32m  OK  [0m] Started Tell Plymouth To Write Out Runtime Data.
[[0;32m  OK  [0m] Started Apply Kernel Variables.
[[0;32m  OK  [0m] Found device /dev/ttyS0.
[[0;32m  OK  [0m] Started ebtables ruleset management.
[[0;32m  OK  [0m] Started Flush Journal to Persistent Storage.
[[0;32m  OK  [0m] Listening on Load/Save RF Kill Switch Status /dev/rfkill Watch.
         Starting Create Volatile Files and Directories...
[[0;32m  OK  [0m] Started Create Volatile Files and Directories.
         Starting Update UTMP about System Boot/Shutdown...
[[0;32m  OK  [0m] Started Update UTMP about System Boot/Shutdown.
[[0;32m  OK  [0m] Started AppArmor initialization.
         Starting Load AppArmor profiles managed internally by snapd...
         Starting Initial cloud-init job (pre-networking)...
[[0;32m  OK  [0m] Started Load AppArmor profiles managed internally by snapd.
[    8.246833] cloud-init[594]: Cloud-init v. 19.3-41-gc4735dd3-0ubuntu1~18.04.1 running 'init-local' at Thu, 10 Sep 2020 12:48:10 +0000. Up 8.06 seconds.
[[0;32m  OK  [0m] Started Initial cloud-init job (pre-networking).
[[0;32m  OK  [0m] Reached target Network (Pre).
         Starting Network Service...
[[0;32m  OK  [0m] Started Network Service.
         Starting Wait for Network to be Configured...
         Starting Network Name Resolution...
[[0;32m  OK  [0m] Started Network Name Resolution.
[[0;32m  OK  [0m] Reached target Network.
[[0;32m  OK  [0m] Reached target Host and Network Name Lookups.
[[0;32m  OK  [0m] Started Wait for Network to be Configured.
         Starting Initial cloud-init job (metadata service crawler)...
[   10.692047] cloud-init[713]: Cloud-init v. 19.3-41-gc4735dd3-0ubuntu1~18.04.1 running 'init' at Thu, 10 Sep 2020 12:48:13 +0000. Up 10.57 seconds.
[   10.704364] cloud-init[713]: ci-info: ++++++++++++++++++++++++++++++++++++++Net device info+++++++++++++++++++++++++++++++++++++++
[   10.706158] cloud-init[713]: ci-info: +--------+------+-----------------------------+---------------+--------+-------------------+
[   10.707941] cloud-init[713]: ci-info: | Device |  Up  |           Address           |      Mask     | Scope  |     Hw-Address    |
[   10.709712] cloud-init[713]: ci-info: +--------+------+-----------------------------+---------------+--------+-------------------+
[   10.711512] cloud-init[713]: ci-info: | enp0s3 | True |          10.0.2.15          | 255.255.255.0 | global | 02:22:e7:1f:39:14 |
[   10.724273] cloud-init[713]: ci-info: | enp0s3 | True |  fe80::22:e7ff:fe1f:3914/64 |       .       |  link  | 02:22:e7:1f:39:14 |
[   10.725441] cloud-init[713]: ci-info: | enp0s8 | True |        192.168.33.10        | 255.255.255.0 | global | 08:00:27:4a:8e:1b |
[   10.726887] cloud-init[713]: ci-info: | enp0s8 | True | fe80::a00:27ff:fe4a:8e1b/64 |       .       |  link  | 08:00:27:4a:8e:1b |
[   10.728354] cloud-init[713]: ci-info: |   lo   | True |          127.0.0.1          |   255.0.0.0   |  host  |         .         |
[   10.729332] cloud-init[713]: ci-info: |   lo   | True |           ::1/128           |       .       |  host  |         .         |
[   10.731054] cloud-init[713]: ci-info: +--------+------+-----------------------------+---------------+--------+-------------------+
[   10.732840] cloud-init[713]: ci-info: +++++++++++++++++++++++++++++Route IPv4 info+++++++++++++++++++++++++++++
[   10.735515] cloud-init[713]: ci-info: +-------+--------------+----------+-----------------+-----------+-------+
[   10.736780] cloud-init[713]: ci-info: | Route | Destination  | Gateway  |     Genmask     | Interface | Flags |
[   10.738319] cloud-init[713]: ci-info: +-------+--------------+----------+-----------------+-----------+-------+
[   10.739874] cloud-init[713]: ci-info: |   0   |   0.0.0.0    | 10.0.2.2 |     0.0.0.0     |   enp0s3  |   UG  |
[   10.741195] cloud-init[713]: ci-info: |   1   |   10.0.2.0   | 0.0.0.0  |  255.255.255.0  |   enp0s3  |   U   |
[   10.742604] cloud-init[713]: ci-info: |   2   |   10.0.2.2   | 0.0.0.0  | 255.255.255.255 |   enp0s3  |   UH  |
[   10.744089] cloud-init[713]: ci-info: |   3   | 192.168.33.0 | 0.0.0.0  |  255.255.255.0  |   enp0s8  |   U   |
[   10.745540] cloud-init[713]: ci-info: +-------+--------------+----------+-----------------+-----------+-------+
[   10.747036] cloud-init[713]: ci-info: +++++++++++++++++++Route IPv6 info+++++++++++++++++++
[   10.748352] cloud-init[713]: ci-info: +-------+-------------+---------+-----------+-------+
[   10.749576] cloud-init[713]: ci-info: | Route | Destination | Gateway | Interface | Flags |
[   10.750791] cloud-init[713]: ci-info: +-------+-------------+---------+-----------+-------+
[   10.752000] cloud-init[713]: ci-info: |   1   |  fe80::/64  |    ::   |   enp0s8  |   U   |
[   10.753281] cloud-init[713]: ci-info: |   2   |  fe80::/64  |    ::   |   enp0s3  |   U   |
[   10.754511] cloud-init[713]: ci-info: |   4   |    local    |    ::   |   enp0s3  |   U   |
[   10.764184] cloud-init[713]: ci-info: |   5   |    local    |    ::   |   enp0s8  |   U   |
[   10.765417] cloud-init[713]: ci-info: |   6   |   ff00::/8  |    ::   |   enp0s8  |   U   |
[   10.766650] cloud-init[713]: ci-info: |   7   |   ff00::/8  |    ::   |   enp0s3  |   U   |
[   10.767857] cloud-init[713]: ci-info: +-------+-------------+---------+-----------+-------+
[[0;32m  OK  [0m] Started Initial cloud-init job (metadata service crawler).
[[0;32m  OK  [0m] Reached target Network is Online.
         Starting Availability of block devices...
[[0;32m  OK  [0m] Reached target Remote File Systems (Pre).
[[0;32m  OK  [0m] Reached target Remote File Systems.
[[0;32m  OK  [0m] Reached target Cloud-config availability.
[[0;32m  OK  [0m] Reached target System Initialization.
         Starting LXD - unix socket.
         Starting Socket activation for snappy daemon.
[[0;32m  OK  [0m] Listening on ACPID Listen Socket.
[[0;32m  OK  [0m] Listening on D-Bus System Message Bus Socket.
[[0;32m  OK  [0m] Started Daily apt download activities.
[[0;32m  OK  [0m] Started ACPI Events Check.
[[0;32m  OK  [0m] Started Message of the Day.
[[0;32m  OK  [0m] Started Discard unused blocks once a week.
[[0;32m  OK  [0m] Reached target Paths.
[[0;32m  OK  [0m] Started Daily apt upgrade and clean activities.
[[0;32m  OK  [0m] Listening on UUID daemon activation socket.
[[0;32m  OK  [0m] Started Daily Cleanup of Temporary Directories.
[[0;32m  OK  [0m] Reached target Timers.
[[0;32m  OK  [0m] Listening on Open-iSCSI iscsid Socket.
[[0;32m  OK  [0m] Started Availability of block devices.
[[0;32m  OK  [0m] Listening on LXD - unix socket.
[[0;32m  OK  [0m] Listening on Socket activation for snappy daemon.
[[0;32m  OK  [0m] Reached target Sockets.
[[0;32m  OK  [0m] Reached target Basic System.
[[0;32m  OK  [0m] Started Deferred execution scheduler.
         Starting Accounts Service...
[[0;32m  OK  [0m] Started D-Bus System Message Bus.
         Starting LSB: Record successful boot for GRUB...
[[0;32m  OK  [0m] Started irqbalance daemon.
         Starting Login Service...
         Starting LXD - container startup/shutdown...
         Starting vboxadd.service...
         Starting LSB: automatic crash report generation...
         Starting Permit User Sessions...
[[0;32m  OK  [0m] Started Regular background program processing daemon.
         Starting Dispatcher daemon for systemd-networkd...
         Starting OpenBSD Secure Shell server...
         Starting Snap Daemon...
         Starting System Logging Service...
[[0;32m  OK  [0m] Started FUSE filesystem for LXC.
[[0;32m  OK  [0m] Started LXD - container startup/shutdown.
[[0;32m  OK  [0m] Started Permit User Sessions.
[[0;32m  OK  [0m] Started OpenBSD Secure Shell server.
[[0;32m  OK  [0m] Started System Logging Service.
[[0;32m  OK  [0m] Started Login Service.
[[0;32m  OK  [0m] Started Unattended Upgrades Shutdown.
         Starting Authorization Manager...
         Starting Terminate Plymouth Boot Screen...
         Starting Hold until boot process finishes up...
[[0;32m  OK  [0m] Started Hold until boot process finishes up.
[[0;32m  OK  [0m] Started Serial Getty on ttyS0.
         Starting Set console scheme...
[[0;32m  OK  [0m] Started Terminate Plymouth Boot Screen.
[[0;32m  OK  [0m] Started Set console scheme.
[[0;32m  OK  [0m] Created slice system-getty.slice.
[[0;32m  OK  [0m] Started Getty on tty1.
[[0;32m  OK  [0m] Reached target Login Prompts.
[[0;32m  OK  [0m] Started LSB: Record successful boot for GRUB.
[[0;32m  OK  [0m] Started LSB: automatic crash report generation.
[[0;32m  OK  [0m] Started Authorization Manager.
[[0;32m  OK  [0m] Started Accounts Service.
[[0;32m  OK  [0m] Created slice User Slice of vagrant.
         Starting User Manager for UID 1000...
[[0;32m  OK  [0m] Started Session 1 of user vagrant.
[[0;32m  OK  [0m] Started Dispatcher daemon for systemd-networkd.
[[0;32m  OK  [0m] Started User Manager for UID 1000.
[[0;32m  OK  [0m] Started Snap Daemon.
         Starting Wait until snapd is fully seeded...
[[0;32m  OK  [0m] Started Wait until snapd is fully seeded.
         Starting Apply the settings specified in cloud-config...
[[0;32m  OK  [0m] Started vboxadd.service.
         Starting vboxadd-service.service...
[   12.990980] cloud-init[1220]: Cloud-init v. 19.3-41-gc4735dd3-0ubuntu1~18.04.1 running 'modules:config' at Thu, 10 Sep 2020 12:48:15 +0000. Up 12.83 seconds.
[[0;32m  OK  [0m] Started vboxadd-service.service.
[[0;32m  OK  [0m] Reached target Multi-User System.
[[0;32m  OK  [0m] Reached target Graphical Interface.
         Starting Update UTMP about System Runlevel Changes...
[[0;32m  OK  [0m] Started Update UTMP about System Runlevel Changes.
[[0;32m  OK  [0m] Started Apply the settings specified in cloud-config.
         Starting Execute cloud user/final scripts...
[   13.477783] cloud-init[1391]: Cloud-init v. 19.3-41-gc4735dd3-0ubuntu1~18.04.1 running 'modules:final' at Thu, 10 Sep 2020 12:48:16 +0000. Up 13.38 seconds.
[   13.480093] cloud-init[1391]: Cloud-init v. 19.3-41-gc4735dd3-0ubuntu1~18.04.1 finished at Thu, 10 Sep 2020 12:48:16 +0000. Datasource DataSourceNoCloud [seed=/dev/sdb][dsmode=net].  Up 13.47 seconds
[[0;32m  OK  [0m] Started Execute cloud user/final scripts.
[[0;32m  OK  [0m] Reached target Cloud-init target.

Ubuntu 18.04.3 LTS ubuntu-bionic ttyS0

ubuntu-bionic login: 